// Jest Snapshot v1, https://goo.gl/fbAQLP

exports[`DomainExplorerListDomains Component test cases Assertions 1`] = `
<DomainExplorerListDomains>
  <EmptyState
    variant="full"
  >
    <div
      className="pf-c-empty-state"
    >
      <EmptyStateIcon
        icon={
          [MockFunction] {
            "calls": Array [
              Array [
                Object {
                  "aria-hidden": "true",
                  "className": "pf-c-empty-state__icon",
                  "color": "currentColor",
                  "noVerticalAlign": false,
                  "size": "sm",
                  "title": null,
                },
                Object {},
              ],
              Array [
                Object {
                  "aria-hidden": "true",
                  "className": "pf-c-empty-state__icon",
                  "color": "currentColor",
                  "noVerticalAlign": false,
                  "size": "sm",
                  "title": null,
                },
                Object {},
              ],
            ],
            "results": Array [
              Object {
                "type": "return",
                "value": undefined,
              },
              Object {
                "type": "return",
                "value": undefined,
              },
            ],
          }
        }
      >
        <CubesIcon
          aria-hidden="true"
          className="pf-c-empty-state__icon"
          color="currentColor"
          noVerticalAlign={false}
          size="sm"
          title={null}
        />
      </EmptyStateIcon>
      <Title
        headingLevel="h5"
        size="lg"
      >
        <h5
          className="pf-c-title pf-m-lg"
        >
          Domains List
        </h5>
      </Title>
      <EmptyStateBody>
        <div
          className="pf-c-empty-state__body"
        >
          Select a domain below
        </div>
      </EmptyStateBody>
      <EmptyStateSecondaryActions>
        <div
          className="pf-c-empty-state__secondary"
        >
          <Link
            key="0"
            to="/DomainExplorer/Travels"
          >
            <LinkAnchor
              href="/DomainExplorer/Travels"
              navigate={[Function]}
            >
              <a
                href="/DomainExplorer/Travels"
                onClick={[Function]}
              >
                <Component
                  variant="link"
                >
                  <ComponentWithOuia
                    component={[Function]}
                    componentProps={
                      Object {
                        "children": "Travels",
                        "variant": "link",
                      }
                    }
                    consumerContext={null}
                  >
                    <Button
                      ouiaContext={
                        Object {
                          "isOuia": false,
                          "ouiaId": null,
                        }
                      }
                      variant="link"
                    >
                      <button
                        aria-disabled={null}
                        aria-label={null}
                        className="pf-c-button pf-m-link"
                        disabled={false}
                        tabIndex={null}
                        type="button"
                      >
                        <span
                          className="pf-c-button__text"
                        >
                          Travels
                        </span>
                      </button>
                    </Button>
                  </ComponentWithOuia>
                </Component>
              </a>
            </LinkAnchor>
          </Link>
          <Link
            key="1"
            to="/DomainExplorer/visaApplication"
          >
            <LinkAnchor
              href="/DomainExplorer/visaApplication"
              navigate={[Function]}
            >
              <a
                href="/DomainExplorer/visaApplication"
                onClick={[Function]}
              >
                <Component
                  variant="link"
                >
                  <ComponentWithOuia
                    component={[Function]}
                    componentProps={
                      Object {
                        "children": "visaApplication",
                        "variant": "link",
                      }
                    }
                    consumerContext={null}
                  >
                    <Button
                      ouiaContext={
                        Object {
                          "isOuia": false,
                          "ouiaId": null,
                        }
                      }
                      variant="link"
                    >
                      <button
                        aria-disabled={null}
                        aria-label={null}
                        className="pf-c-button pf-m-link"
                        disabled={false}
                        tabIndex={null}
                        type="button"
                      >
                        <span
                          className="pf-c-button__text"
                        >
                          visaApplication
                        </span>
                      </button>
                    </Button>
                  </ComponentWithOuia>
                </Component>
              </a>
            </LinkAnchor>
          </Link>
        </div>
      </EmptyStateSecondaryActions>
    </div>
  </EmptyState>
</DomainExplorerListDomains>
`;

exports[`DomainExplorerListDomains Component test cases Snapshot with mock useGetQueryFieldsQuery 1`] = `
<DomainExplorerListDomains>
  <EmptyState
    variant="full"
  >
    <div
      className="pf-c-empty-state"
    >
      <EmptyStateIcon
        icon={
          [MockFunction] {
            "calls": Array [
              Array [
                Object {
                  "aria-hidden": "true",
                  "className": "pf-c-empty-state__icon",
                  "color": "currentColor",
                  "noVerticalAlign": false,
                  "size": "sm",
                  "title": null,
                },
                Object {},
              ],
            ],
            "results": Array [
              Object {
                "type": "return",
                "value": undefined,
              },
            ],
          }
        }
      >
        <CubesIcon
          aria-hidden="true"
          className="pf-c-empty-state__icon"
          color="currentColor"
          noVerticalAlign={false}
          size="sm"
          title={null}
        />
      </EmptyStateIcon>
      <Title
        headingLevel="h5"
        size="lg"
      >
        <h5
          className="pf-c-title pf-m-lg"
        >
          Domains List
        </h5>
      </Title>
      <EmptyStateBody>
        <div
          className="pf-c-empty-state__body"
        >
          Select a domain below
        </div>
      </EmptyStateBody>
      <EmptyStateSecondaryActions>
        <div
          className="pf-c-empty-state__secondary"
        >
          <Link
            key="0"
            to="/DomainExplorer/Travels"
          >
            <LinkAnchor
              href="/DomainExplorer/Travels"
              navigate={[Function]}
            >
              <a
                href="/DomainExplorer/Travels"
                onClick={[Function]}
              >
                <Component
                  variant="link"
                >
                  <ComponentWithOuia
                    component={[Function]}
                    componentProps={
                      Object {
                        "children": "Travels",
                        "variant": "link",
                      }
                    }
                    consumerContext={null}
                  >
                    <Button
                      ouiaContext={
                        Object {
                          "isOuia": false,
                          "ouiaId": null,
                        }
                      }
                      variant="link"
                    >
                      <button
                        aria-disabled={null}
                        aria-label={null}
                        className="pf-c-button pf-m-link"
                        disabled={false}
                        tabIndex={null}
                        type="button"
                      >
                        <span
                          className="pf-c-button__text"
                        >
                          Travels
                        </span>
                      </button>
                    </Button>
                  </ComponentWithOuia>
                </Component>
              </a>
            </LinkAnchor>
          </Link>
          <Link
            key="1"
            to="/DomainExplorer/visaApplication"
          >
            <LinkAnchor
              href="/DomainExplorer/visaApplication"
              navigate={[Function]}
            >
              <a
                href="/DomainExplorer/visaApplication"
                onClick={[Function]}
              >
                <Component
                  variant="link"
                >
                  <ComponentWithOuia
                    component={[Function]}
                    componentProps={
                      Object {
                        "children": "visaApplication",
                        "variant": "link",
                      }
                    }
                    consumerContext={null}
                  >
                    <Button
                      ouiaContext={
                        Object {
                          "isOuia": false,
                          "ouiaId": null,
                        }
                      }
                      variant="link"
                    >
                      <button
                        aria-disabled={null}
                        aria-label={null}
                        className="pf-c-button pf-m-link"
                        disabled={false}
                        tabIndex={null}
                        type="button"
                      >
                        <span
                          className="pf-c-button__text"
                        >
                          visaApplication
                        </span>
                      </button>
                    </Button>
                  </ComponentWithOuia>
                </Component>
              </a>
            </LinkAnchor>
          </Link>
        </div>
      </EmptyStateSecondaryActions>
    </div>
  </EmptyState>
</DomainExplorerListDomains>
`;
